{
    "comment": "This is not a // comment",
    "value": 42
}
